===== TRAIN A_bmag_control =====
[MODEL_XC_A_BMAG_CONTROL] device=cuda lmag=1.0 lcurv=0.0 ldir=0.0
[MODEL_XC_A_BMAG_CONTROL] train windows (822488, 10, 10)
[MODEL_XC_A_BMAG_CONTROL ep  1] tot=1.5725 mse=0.9573 mag=0.6152 curv=0.0000 ADE=0.4669 FDE=0.8496 * (43.9s) best=0.4669@1
[MODEL_XC_A_BMAG_CONTROL ep  2] tot=1.5095 mse=0.9235 mag=0.5860 curv=0.0000 ADE=0.3804 FDE=0.6505 * (44.4s) best=0.3804@2
[MODEL_XC_A_BMAG_CONTROL ep  3] tot=1.5002 mse=0.9203 mag=0.5799 curv=0.0000 ADE=0.3825 FDE=0.6472  (42.8s) best=0.3804@2
[MODEL_XC_A_BMAG_CONTROL ep  4] tot=1.4931 mse=0.9169 mag=0.5762 curv=0.0000 ADE=0.3892 FDE=0.6702  (44.6s) best=0.3804@2
[MODEL_XC_A_BMAG_CONTROL ep  5] tot=1.4874 mse=0.9145 mag=0.5730 curv=0.0000 ADE=0.3746 FDE=0.6338 * (66.8s) best=0.3746@5
[MODEL_XC_A_BMAG_CONTROL ep  6] tot=1.4793 mse=0.9089 mag=0.5704 curv=0.0000 ADE=0.3767 FDE=0.6378  (78.4s) best=0.3746@5
[MODEL_XC_A_BMAG_CONTROL ep  7] tot=1.4756 mse=0.9077 mag=0.5680 curv=0.0000 ADE=0.3706 FDE=0.6244 * (80.5s) best=0.3706@7
[MODEL_XC_A_BMAG_CONTROL ep  8] tot=1.4661 mse=0.9014 mag=0.5647 curv=0.0000 ADE=0.3861 FDE=0.6568  (86.4s) best=0.3706@7
[MODEL_XC_A_BMAG_CONTROL ep  9] tot=1.4546 mse=0.8947 mag=0.5599 curv=0.0000 ADE=0.3724 FDE=0.6350  (83.3s) best=0.3706@7
[MODEL_XC_A_BMAG_CONTROL ep 10] tot=1.4447 mse=0.8895 mag=0.5552 curv=0.0000 ADE=0.3745 FDE=0.6354  (59.6s) best=0.3706@7
[MODEL_XC_A_BMAG_CONTROL ep 11] tot=1.4293 mse=0.8810 mag=0.5483 curv=0.0000 ADE=0.3676 FDE=0.6182 * (35.9s) best=0.3676@11
[MODEL_XC_A_BMAG_CONTROL ep 12] tot=1.4140 mse=0.8707 mag=0.5434 curv=0.0000 ADE=0.3555 FDE=0.5803 * (33.6s) best=0.3555@12
[MODEL_XC_A_BMAG_CONTROL ep 13] tot=1.3999 mse=0.8614 mag=0.5385 curv=0.0000 ADE=0.3707 FDE=0.6261  (30.4s) best=0.3555@12
[MODEL_XC_A_BMAG_CONTROL ep 14] tot=1.3816 mse=0.8510 mag=0.5306 curv=0.0000 ADE=0.3550 FDE=0.5900 * (31.9s) best=0.3550@14
[MODEL_XC_A_BMAG_CONTROL ep 15] tot=1.3677 mse=0.8429 mag=0.5248 curv=0.0000 ADE=0.3594 FDE=0.6003  (31.6s) best=0.3550@14
[MODEL_XC_A_BMAG_CONTROL ep 16] tot=1.3486 mse=0.8307 mag=0.5179 curv=0.0000 ADE=0.3473 FDE=0.5669 * (31.1s) best=0.3473@16
[MODEL_XC_A_BMAG_CONTROL ep 17] tot=1.3314 mse=0.8211 mag=0.5104 curv=0.0000 ADE=0.3558 FDE=0.5885  (31.4s) best=0.3473@16
[MODEL_XC_A_BMAG_CONTROL ep 18] tot=1.3153 mse=0.8110 mag=0.5043 curv=0.0000 ADE=0.3575 FDE=0.5895  (30.7s) best=0.3473@16
[MODEL_XC_A_BMAG_CONTROL ep 19] tot=1.2992 mse=0.7994 mag=0.4998 curv=0.0000 ADE=0.3590 FDE=0.5947  (30.3s) best=0.3473@16
[MODEL_XC_A_BMAG_CONTROL ep 20] tot=1.2831 mse=0.7920 mag=0.4911 curv=0.0000 ADE=0.3621 FDE=0.6103  (31.9s) best=0.3473@16
[MODEL_XC_A_BMAG_CONTROL ep 21] tot=1.2686 mse=0.7828 mag=0.4858 curv=0.0000 ADE=0.3486 FDE=0.5778  (30.3s) best=0.3473@16
[MODEL_XC_A_BMAG_CONTROL ep 22] tot=1.2527 mse=0.7734 mag=0.4793 curv=0.0000 ADE=0.3555 FDE=0.5829  (28.2s) best=0.3473@16
[MODEL_XC_A_BMAG_CONTROL ep 23] tot=1.2404 mse=0.7637 mag=0.4768 curv=0.0000 ADE=0.3556 FDE=0.5889  (29.7s) best=0.3473@16
[MODEL_XC_A_BMAG_CONTROL ep 24] tot=1.2301 mse=0.7581 mag=0.4720 curv=0.0000 ADE=0.3606 FDE=0.5982  (28.8s) best=0.3473@16
[MODEL_XC_A_BMAG_CONTROL ep 25] tot=1.2170 mse=0.7485 mag=0.4685 curv=0.0000 ADE=0.3526 FDE=0.5810  (31.9s) best=0.3473@16
[MODEL_XC_A_BMAG_CONTROL ep 26] tot=1.2037 mse=0.7424 mag=0.4613 curv=0.0000 ADE=0.3507 FDE=0.5754  (31.2s) best=0.3473@16
[MODEL_XC_A_BMAG_CONTROL ep 27] tot=1.1916 mse=0.7306 mag=0.4610 curv=0.0000 ADE=0.3650 FDE=0.6115  (29.0s) best=0.3473@16
[MODEL_XC_A_BMAG_CONTROL ep 28] tot=1.1820 mse=0.7296 mag=0.4524 curv=0.0000 ADE=0.3515 FDE=0.5766  (32.2s) best=0.3473@16
[MODEL_XC_A_BMAG_CONTROL] early stop @ 28
[MODEL_XC_A_BMAG_CONTROL] DONE best_val_ADE=0.3473@16 (20.12 min)
===== EVAL A_bmag_control =====
[MODEL_XC_A_BMAG_CONTROL] H10 ADE=0.3624 step1_sm=0.966 nd=0.935 cos=0.956 shape=0.053
===== HORIZON A_bmag_control =====
[MODEL_XC_A_BMAG_CONTROL H20] ADE=0.593 nd=1.019 cos=0.946 shape=0.058
[MODEL_XC_A_BMAG_CONTROL H60] ADE=1.495 nd=1.091 cos=0.910 shape=0.057
[MODEL_XC_A_BMAG_CONTROL H100] ADE=2.405 nd=1.151 cos=0.900 shape=0.043
[MODEL_XC_A_BMAG_CONTROL H200] ADE=4.547 nd=1.158 cos=0.917 shape=0.046
[MODEL_XC_A_BMAG_CONTROL H400] ADE=8.943 nd=1.214 cos=0.941 shape=0.048
[MODEL_XC_A_BMAG_CONTROL] horizon sweep done
===== TRAIN B_curv_light =====
[MODEL_XC_B_CURV_LIGHT] device=cuda lmag=1.0 lcurv=0.1 ldir=0.0
[MODEL_XC_B_CURV_LIGHT] train windows (822488, 10, 10)
[MODEL_XC_B_CURV_LIGHT ep  1] tot=1.7490 mse=0.9323 mag=0.6115 curv=2.0521 ADE=0.4415 FDE=0.7956 * (40.5s) best=0.4415@1
[MODEL_XC_B_CURV_LIGHT ep  2] tot=1.7149 mse=0.9220 mag=0.5964 curv=1.9650 ADE=0.3346 FDE=0.5585 * (38.6s) best=0.3346@2
[MODEL_XC_B_CURV_LIGHT ep  3] tot=1.7025 mse=0.9183 mag=0.5919 curv=1.9232 ADE=0.3406 FDE=0.5624  (36.6s) best=0.3346@2
[MODEL_XC_B_CURV_LIGHT ep  4] tot=1.6914 mse=0.9152 mag=0.5868 curv=1.8946 ADE=0.3603 FDE=0.5960  (39.8s) best=0.3346@2
[MODEL_XC_B_CURV_LIGHT ep  5] tot=1.6829 mse=0.9120 mag=0.5829 curv=1.8802 ADE=0.3431 FDE=0.5692  (37.0s) best=0.3346@2
[MODEL_XC_B_CURV_LIGHT ep  6] tot=1.6740 mse=0.9072 mag=0.5802 curv=1.8652 ADE=0.3567 FDE=0.5873  (35.2s) best=0.3346@2
[MODEL_XC_B_CURV_LIGHT ep  7] tot=1.6663 mse=0.9048 mag=0.5761 curv=1.8543 ADE=0.3438 FDE=0.5664  (44.3s) best=0.3346@2
[MODEL_XC_B_CURV_LIGHT ep  8] tot=1.6546 mse=0.8986 mag=0.5715 curv=1.8454 ADE=0.3508 FDE=0.5793  (41.7s) best=0.3346@2
[MODEL_XC_B_CURV_LIGHT ep  9] tot=1.6431 mse=0.8913 mag=0.5681 curv=1.8366 ADE=0.3469 FDE=0.5771  (36.7s) best=0.3346@2
[MODEL_XC_B_CURV_LIGHT ep 10] tot=1.6321 mse=0.8865 mag=0.5625 curv=1.8308 ADE=0.3407 FDE=0.5619  (40.2s) best=0.3346@2
[MODEL_XC_B_CURV_LIGHT ep 11] tot=1.6169 mse=0.8772 mag=0.5573 curv=1.8238 ADE=0.3385 FDE=0.5552  (37.9s) best=0.3346@2
[MODEL_XC_B_CURV_LIGHT ep 12] tot=1.6020 mse=0.8688 mag=0.5518 curv=1.8142 ADE=0.3338 FDE=0.5449 * (38.4s) best=0.3338@12
[MODEL_XC_B_CURV_LIGHT ep 13] tot=1.5844 mse=0.8594 mag=0.5439 curv=1.8114 ADE=0.3413 FDE=0.5636  (41.1s) best=0.3338@12
[MODEL_XC_B_CURV_LIGHT ep 14] tot=1.5689 mse=0.8499 mag=0.5386 curv=1.8040 ADE=0.3358 FDE=0.5413  (47.7s) best=0.3338@12
[MODEL_XC_B_CURV_LIGHT ep 15] tot=1.5536 mse=0.8415 mag=0.5326 curv=1.7957 ADE=0.3304 FDE=0.5360 * (39.3s) best=0.3304@15
[MODEL_XC_B_CURV_LIGHT ep 16] tot=1.5344 mse=0.8295 mag=0.5255 curv=1.7940 ADE=0.3325 FDE=0.5462  (31.6s) best=0.3304@15
[MODEL_XC_B_CURV_LIGHT ep 17] tot=1.5220 mse=0.8221 mag=0.5208 curv=1.7913 ADE=0.3336 FDE=0.5383  (30.9s) best=0.3304@15
[MODEL_XC_B_CURV_LIGHT ep 18] tot=1.5020 mse=0.8091 mag=0.5149 curv=1.7802 ADE=0.3346 FDE=0.5431  (33.0s) best=0.3304@15
[MODEL_XC_B_CURV_LIGHT ep 19] tot=1.4856 mse=0.7999 mag=0.5079 curv=1.7780 ADE=0.3321 FDE=0.5346  (32.3s) best=0.3304@15
[MODEL_XC_B_CURV_LIGHT ep 20] tot=1.4726 mse=0.7926 mag=0.5026 curv=1.7730 ADE=0.3403 FDE=0.5558  (31.5s) best=0.3304@15
[MODEL_XC_B_CURV_LIGHT ep 21] tot=1.4535 mse=0.7814 mag=0.4954 curv=1.7674 ADE=0.3285 FDE=0.5299 * (30.7s) best=0.3285@21
[MODEL_XC_B_CURV_LIGHT ep 22] tot=1.4422 mse=0.7752 mag=0.4908 curv=1.7614 ADE=0.3306 FDE=0.5331  (31.1s) best=0.3285@21
[MODEL_XC_B_CURV_LIGHT ep 23] tot=1.4252 mse=0.7647 mag=0.4846 curv=1.7599 ADE=0.3319 FDE=0.5371  (31.6s) best=0.3285@21
[MODEL_XC_B_CURV_LIGHT ep 24] tot=1.4122 mse=0.7569 mag=0.4800 curv=1.7534 ADE=0.3369 FDE=0.5461  (31.6s) best=0.3285@21
[MODEL_XC_B_CURV_LIGHT ep 25] tot=1.3979 mse=0.7484 mag=0.4745 curv=1.7507 ADE=0.3374 FDE=0.5466  (31.5s) best=0.3285@21
[MODEL_XC_B_CURV_LIGHT ep 26] tot=1.3894 mse=0.7417 mag=0.4731 curv=1.7454 ADE=0.3288 FDE=0.5326  (34.6s) best=0.3285@21
[MODEL_XC_B_CURV_LIGHT ep 27] tot=1.3761 mse=0.7343 mag=0.4673 curv=1.7454 ADE=0.3413 FDE=0.5560  (31.0s) best=0.3285@21
[MODEL_XC_B_CURV_LIGHT ep 28] tot=1.3643 mse=0.7265 mag=0.4644 curv=1.7348 ADE=0.3279 FDE=0.5223 * (30.8s) best=0.3279@28
[MODEL_XC_B_CURV_LIGHT ep 29] tot=1.3574 mse=0.7242 mag=0.4594 curv=1.7383 ADE=0.3379 FDE=0.5463  (30.0s) best=0.3279@28
[MODEL_XC_B_CURV_LIGHT ep 30] tot=1.3475 mse=0.7166 mag=0.4576 curv=1.7329 ADE=0.3348 FDE=0.5366  (32.2s) best=0.3279@28
[MODEL_XC_B_CURV_LIGHT ep 31] tot=1.3390 mse=0.7108 mag=0.4552 curv=1.7302 ADE=0.3306 FDE=0.5315  (35.0s) best=0.3279@28
[MODEL_XC_B_CURV_LIGHT ep 32] tot=1.3266 mse=0.7040 mag=0.4497 curv=1.7293 ADE=0.3272 FDE=0.5279 * (33.6s) best=0.3272@32
[MODEL_XC_B_CURV_LIGHT ep 33] tot=1.3172 mse=0.6981 mag=0.4468 curv=1.7228 ADE=0.3324 FDE=0.5315  (35.0s) best=0.3272@32
[MODEL_XC_B_CURV_LIGHT ep 34] tot=1.3037 mse=0.6893 mag=0.4422 curv=1.7225 ADE=0.3347 FDE=0.5399  (34.8s) best=0.3272@32
[MODEL_XC_B_CURV_LIGHT ep 35] tot=1.2982 mse=0.6855 mag=0.4409 curv=1.7177 ADE=0.3294 FDE=0.5316  (36.2s) best=0.3272@32
[MODEL_XC_B_CURV_LIGHT ep 36] tot=1.2881 mse=0.6797 mag=0.4373 curv=1.7115 ADE=0.3328 FDE=0.5312  (33.9s) best=0.3272@32
[MODEL_XC_B_CURV_LIGHT ep 37] tot=1.2834 mse=0.6760 mag=0.4362 curv=1.7128 ADE=0.3379 FDE=0.5464  (34.6s) best=0.3272@32
[MODEL_XC_B_CURV_LIGHT ep 38] tot=1.2724 mse=0.6681 mag=0.4336 curv=1.7073 ADE=0.3307 FDE=0.5276  (35.0s) best=0.3272@32
[MODEL_XC_B_CURV_LIGHT ep 39] tot=1.2651 mse=0.6652 mag=0.4295 curv=1.7047 ADE=0.3370 FDE=0.5432  (35.4s) best=0.3272@32
[MODEL_XC_B_CURV_LIGHT ep 40] tot=1.2530 mse=0.6576 mag=0.4252 curv=1.7016 ADE=0.3323 FDE=0.5339  (36.7s) best=0.3272@32
[MODEL_XC_B_CURV_LIGHT ep 41] tot=1.2515 mse=0.6558 mag=0.4260 curv=1.6964 ADE=0.3367 FDE=0.5412  (36.4s) best=0.3272@32
[MODEL_XC_B_CURV_LIGHT ep 42] tot=1.2409 mse=0.6492 mag=0.4222 curv=1.6943 ADE=0.3299 FDE=0.5312  (35.9s) best=0.3272@32
[MODEL_XC_B_CURV_LIGHT ep 43] tot=1.2348 mse=0.6455 mag=0.4199 curv=1.6939 ADE=0.3347 FDE=0.5391  (35.5s) best=0.3272@32
[MODEL_XC_B_CURV_LIGHT ep 44] tot=1.2257 mse=0.6415 mag=0.4150 curv=1.6929 ADE=0.3305 FDE=0.5308  (37.4s) best=0.3272@32
[MODEL_XC_B_CURV_LIGHT] early stop @ 44
[MODEL_XC_B_CURV_LIGHT] DONE best_val_ADE=0.3272@32 (26.27 min)
===== EVAL B_curv_light =====
[MODEL_XC_B_CURV_LIGHT] H10 ADE=0.3323 step1_sm=0.889 nd=0.805 cos=0.884 shape=0.331
===== HORIZON B_curv_light =====
[MODEL_XC_B_CURV_LIGHT H20] ADE=0.526 nd=0.893 cos=0.895 shape=0.529
[MODEL_XC_B_CURV_LIGHT H60] ADE=1.356 nd=0.978 cos=0.881 shape=0.566
[MODEL_XC_B_CURV_LIGHT H100] ADE=2.231 nd=1.021 cos=0.877 shape=0.424
[MODEL_XC_B_CURV_LIGHT H200] ADE=4.444 nd=1.032 cos=0.891 shape=0.264
[MODEL_XC_B_CURV_LIGHT H400] ADE=8.650 nd=1.039 cos=0.917 shape=0.180
[MODEL_XC_B_CURV_LIGHT] horizon sweep done
===== TRAIN C_curv_med =====
[MODEL_XC_C_CURV_MED] device=cuda lmag=1.0 lcurv=0.25 ldir=0.0
[MODEL_XC_C_CURV_MED] train windows (822488, 10, 10)
[MODEL_XC_C_CURV_MED ep  1] tot=2.0445 mse=0.9413 mag=0.6326 curv=1.8824 ADE=0.3770 FDE=0.6435 * (34.2s) best=0.3770@1
[MODEL_XC_C_CURV_MED ep  2] tot=1.9895 mse=0.9277 mag=0.6159 curv=1.7836 ADE=0.3330 FDE=0.5562 * (36.2s) best=0.3330@2
[MODEL_XC_C_CURV_MED ep  3] tot=1.9709 mse=0.9229 mag=0.6100 curv=1.7524 ADE=0.3375 FDE=0.5561  (40.3s) best=0.3330@2
[MODEL_XC_C_CURV_MED ep  4] tot=1.9564 mse=0.9185 mag=0.6057 curv=1.7290 ADE=0.3391 FDE=0.5606  (36.2s) best=0.3330@2
[MODEL_XC_C_CURV_MED ep  5] tot=1.9461 mse=0.9149 mag=0.6028 curv=1.7136 ADE=0.3382 FDE=0.5636  (36.2s) best=0.3330@2
[MODEL_XC_C_CURV_MED ep  6] tot=1.9363 mse=0.9110 mag=0.5994 curv=1.7038 ADE=0.3307 FDE=0.5403 * (40.5s) best=0.3307@6
[MODEL_XC_C_CURV_MED ep  7] tot=1.9268 mse=0.9078 mag=0.5967 curv=1.6892 ADE=0.3304 FDE=0.5459 * (39.2s) best=0.3304@7
[MODEL_XC_C_CURV_MED ep  8] tot=1.9141 mse=0.9026 mag=0.5915 curv=1.6801 ADE=0.3242 FDE=0.5311 * (31.2s) best=0.3242@8
[MODEL_XC_C_CURV_MED ep  9] tot=1.9002 mse=0.8953 mag=0.5874 curv=1.6699 ADE=0.3228 FDE=0.5268 * (33.3s) best=0.3228@9
[MODEL_XC_C_CURV_MED ep 10] tot=1.8888 mse=0.8911 mag=0.5818 curv=1.6633 ADE=0.3205 FDE=0.5238 * (33.1s) best=0.3205@10
[MODEL_XC_C_CURV_MED ep 11] tot=1.8738 mse=0.8848 mag=0.5762 curv=1.6510 ADE=0.3302 FDE=0.5467  (32.9s) best=0.3205@10
[MODEL_XC_C_CURV_MED ep 12] tot=1.8580 mse=0.8767 mag=0.5711 curv=1.6409 ADE=0.3215 FDE=0.5264  (33.5s) best=0.3205@10
[MODEL_XC_C_CURV_MED ep 13] tot=1.8430 mse=0.8691 mag=0.5652 curv=1.6351 ADE=0.3258 FDE=0.5365  (33.4s) best=0.3205@10
[MODEL_XC_C_CURV_MED ep 14] tot=1.8229 mse=0.8587 mag=0.5582 curv=1.6238 ADE=0.3243 FDE=0.5320  (31.8s) best=0.3205@10
[MODEL_XC_C_CURV_MED ep 15] tot=1.8086 mse=0.8510 mag=0.5530 curv=1.6185 ADE=0.3252 FDE=0.5304  (31.4s) best=0.3205@10
[MODEL_XC_C_CURV_MED ep 16] tot=1.7889 mse=0.8398 mag=0.5464 curv=1.6109 ADE=0.3266 FDE=0.5379  (32.8s) best=0.3205@10
[MODEL_XC_C_CURV_MED ep 17] tot=1.7708 mse=0.8309 mag=0.5395 curv=1.6015 ADE=0.3239 FDE=0.5303  (32.0s) best=0.3205@10
[MODEL_XC_C_CURV_MED ep 18] tot=1.7558 mse=0.8204 mag=0.5364 curv=1.5962 ADE=0.3167 FDE=0.5149 * (32.1s) best=0.3167@18
[MODEL_XC_C_CURV_MED ep 19] tot=1.7407 mse=0.8149 mag=0.5278 curv=1.5919 ADE=0.3301 FDE=0.5385  (33.0s) best=0.3167@18
[MODEL_XC_C_CURV_MED ep 20] tot=1.7248 mse=0.8051 mag=0.5237 curv=1.5842 ADE=0.3285 FDE=0.5441  (32.1s) best=0.3167@18
[MODEL_XC_C_CURV_MED ep 21] tot=1.7074 mse=0.7937 mag=0.5196 curv=1.5763 ADE=0.3219 FDE=0.5267  (31.5s) best=0.3167@18
[MODEL_XC_C_CURV_MED ep 22] tot=1.6941 mse=0.7881 mag=0.5141 curv=1.5675 ADE=0.3238 FDE=0.5259  (31.0s) best=0.3167@18
[MODEL_XC_C_CURV_MED ep 23] tot=1.6769 mse=0.7773 mag=0.5087 curv=1.5634 ADE=0.3182 FDE=0.5177  (31.6s) best=0.3167@18
[MODEL_XC_C_CURV_MED ep 24] tot=1.6690 mse=0.7730 mag=0.5060 curv=1.5598 ADE=0.3249 FDE=0.5310  (32.9s) best=0.3167@18
[MODEL_XC_C_CURV_MED ep 25] tot=1.6494 mse=0.7620 mag=0.4997 curv=1.5503 ADE=0.3263 FDE=0.5358  (31.9s) best=0.3167@18
[MODEL_XC_C_CURV_MED ep 26] tot=1.6389 mse=0.7556 mag=0.4970 curv=1.5451 ADE=0.3285 FDE=0.5395  (33.0s) best=0.3167@18
[MODEL_XC_C_CURV_MED ep 27] tot=1.6255 mse=0.7484 mag=0.4923 curv=1.5390 ADE=0.3327 FDE=0.5500  (33.1s) best=0.3167@18
[MODEL_XC_C_CURV_MED ep 28] tot=1.6174 mse=0.7437 mag=0.4898 curv=1.5358 ADE=0.3359 FDE=0.5557  (32.4s) best=0.3167@18
[MODEL_XC_C_CURV_MED ep 29] tot=1.6026 mse=0.7348 mag=0.4853 curv=1.5301 ADE=0.3277 FDE=0.5397  (31.2s) best=0.3167@18
[MODEL_XC_C_CURV_MED ep 30] tot=1.5968 mse=0.7296 mag=0.4863 curv=1.5237 ADE=0.3305 FDE=0.5386  (31.4s) best=0.3167@18
[MODEL_XC_C_CURV_MED] early stop @ 30
[MODEL_XC_C_CURV_MED] DONE best_val_ADE=0.3167@18 (16.93 min)
===== EVAL C_curv_med =====
[MODEL_XC_C_CURV_MED] H10 ADE=0.3272 step1_sm=0.836 nd=0.750 cos=0.793 shape=0.296
===== HORIZON C_curv_med =====
[MODEL_XC_C_CURV_MED H20] ADE=0.522 nd=0.792 cos=0.775 shape=0.427
[MODEL_XC_C_CURV_MED H60] ADE=1.250 nd=0.752 cos=0.710 shape=0.379
[MODEL_XC_C_CURV_MED H100] ADE=1.911 nd=0.748 cos=0.702 shape=0.297
[MODEL_XC_C_CURV_MED H200] ADE=3.366 nd=0.717 cos=0.641 shape=0.260
[MODEL_XC_C_CURV_MED H400] ADE=6.306 nd=0.725 cos=0.585 shape=0.231
[MODEL_XC_C_CURV_MED] horizon sweep done
===== TRAIN D_curv_strong =====
[MODEL_XC_D_CURV_STRONG] device=cuda lmag=1.0 lcurv=0.5 ldir=0.0
[MODEL_XC_D_CURV_STRONG] train windows (822488, 10, 10)
[MODEL_XC_D_CURV_STRONG ep  1] tot=2.5042 mse=0.9533 mag=0.6568 curv=1.7882 ADE=0.3723 FDE=0.6312 * (30.7s) best=0.3723@1
[MODEL_XC_D_CURV_STRONG ep  2] tot=2.4280 mse=0.9374 mag=0.6413 curv=1.6985 ADE=0.3362 FDE=0.5605 * (30.6s) best=0.3362@2
[MODEL_XC_D_CURV_STRONG ep  3] tot=2.3973 mse=0.9319 mag=0.6381 curv=1.6547 ADE=0.3237 FDE=0.5313 * (32.2s) best=0.3237@3
[MODEL_XC_D_CURV_STRONG ep  4] tot=2.3756 mse=0.9258 mag=0.6336 curv=1.6323 ADE=0.3341 FDE=0.5593  (31.8s) best=0.3237@3
[MODEL_XC_D_CURV_STRONG ep  5] tot=2.3616 mse=0.9218 mag=0.6304 curv=1.6187 ADE=0.3289 FDE=0.5494  (31.1s) best=0.3237@3
[MODEL_XC_D_CURV_STRONG ep  6] tot=2.3495 mse=0.9168 mag=0.6294 curv=1.6066 ADE=0.3310 FDE=0.5509  (32.5s) best=0.3237@3
[MODEL_XC_D_CURV_STRONG ep  7] tot=2.3387 mse=0.9148 mag=0.6253 curv=1.5970 ADE=0.3395 FDE=0.5732  (31.6s) best=0.3237@3
[MODEL_XC_D_CURV_STRONG ep  8] tot=2.3219 mse=0.9097 mag=0.6196 curv=1.5852 ADE=0.3274 FDE=0.5433  (31.0s) best=0.3237@3
[MODEL_XC_D_CURV_STRONG ep  9] tot=2.3090 mse=0.9037 mag=0.6175 curv=1.5756 ADE=0.3252 FDE=0.5378  (30.7s) best=0.3237@3
[MODEL_XC_D_CURV_STRONG ep 10] tot=2.2970 mse=0.8996 mag=0.6136 curv=1.5677 ADE=0.3213 FDE=0.5350 * (30.3s) best=0.3213@10
[MODEL_XC_D_CURV_STRONG ep 11] tot=2.2781 mse=0.8924 mag=0.6070 curv=1.5574 ADE=0.3237 FDE=0.5341  (33.1s) best=0.3213@10
[MODEL_XC_D_CURV_STRONG ep 12] tot=2.2629 mse=0.8859 mag=0.6023 curv=1.5494 ADE=0.3153 FDE=0.5164 * (32.2s) best=0.3153@12
[MODEL_XC_D_CURV_STRONG ep 13] tot=2.2471 mse=0.8789 mag=0.5981 curv=1.5402 ADE=0.3219 FDE=0.5319  (31.7s) best=0.3153@12
[MODEL_XC_D_CURV_STRONG ep 14] tot=2.2283 mse=0.8710 mag=0.5909 curv=1.5327 ADE=0.3272 FDE=0.5459  (32.2s) best=0.3153@12
[MODEL_XC_D_CURV_STRONG ep 15] tot=2.2092 mse=0.8619 mag=0.5859 curv=1.5226 ADE=0.3214 FDE=0.5274  (32.4s) best=0.3153@12
[MODEL_XC_D_CURV_STRONG ep 16] tot=2.1933 mse=0.8553 mag=0.5802 curv=1.5155 ADE=0.3288 FDE=0.5448  (31.5s) best=0.3153@12
[MODEL_XC_D_CURV_STRONG ep 17] tot=2.1740 mse=0.8473 mag=0.5729 curv=1.5078 ADE=0.3286 FDE=0.5415  (31.3s) best=0.3153@12
[MODEL_XC_D_CURV_STRONG ep 18] tot=2.1578 mse=0.8378 mag=0.5699 curv=1.5003 ADE=0.3181 FDE=0.5202  (32.5s) best=0.3153@12
[MODEL_XC_D_CURV_STRONG ep 19] tot=2.1396 mse=0.8300 mag=0.5634 curv=1.4924 ADE=0.3210 FDE=0.5248  (34.4s) best=0.3153@12
[MODEL_XC_D_CURV_STRONG ep 20] tot=2.1216 mse=0.8227 mag=0.5574 curv=1.4831 ADE=0.3328 FDE=0.5526  (47.1s) best=0.3153@12
[MODEL_XC_D_CURV_STRONG ep 21] tot=2.1071 mse=0.8150 mag=0.5530 curv=1.4781 ADE=0.3150 FDE=0.5132 * (34.5s) best=0.3150@21
[MODEL_XC_D_CURV_STRONG ep 22] tot=2.0943 mse=0.8094 mag=0.5497 curv=1.4705 ADE=0.3211 FDE=0.5246  (38.7s) best=0.3150@21
[MODEL_XC_D_CURV_STRONG ep 23] tot=2.0746 mse=0.8000 mag=0.5431 curv=1.4629 ADE=0.3217 FDE=0.5283  (38.3s) best=0.3150@21
[MODEL_XC_D_CURV_STRONG ep 24] tot=2.0660 mse=0.7950 mag=0.5417 curv=1.4585 ADE=0.3255 FDE=0.5360  (35.9s) best=0.3150@21
[MODEL_XC_D_CURV_STRONG ep 25] tot=2.0455 mse=0.7850 mag=0.5354 curv=1.4503 ADE=0.3237 FDE=0.5346  (40.9s) best=0.3150@21
[MODEL_XC_D_CURV_STRONG ep 26] tot=2.0337 mse=0.7806 mag=0.5322 curv=1.4417 ADE=0.3192 FDE=0.5259  (38.6s) best=0.3150@21
[MODEL_XC_D_CURV_STRONG ep 27] tot=2.0195 mse=0.7719 mag=0.5292 curv=1.4368 ADE=0.3276 FDE=0.5384  (41.6s) best=0.3150@21
[MODEL_XC_D_CURV_STRONG ep 28] tot=2.0051 mse=0.7673 mag=0.5219 curv=1.4317 ADE=0.3214 FDE=0.5303  (42.5s) best=0.3150@21
[MODEL_XC_D_CURV_STRONG ep 29] tot=1.9941 mse=0.7594 mag=0.5204 curv=1.4286 ADE=0.3252 FDE=0.5376  (40.3s) best=0.3150@21
[MODEL_XC_D_CURV_STRONG ep 30] tot=1.9837 mse=0.7549 mag=0.5173 curv=1.4230 ADE=0.3223 FDE=0.5277  (38.1s) best=0.3150@21
[MODEL_XC_D_CURV_STRONG ep 31] tot=1.9747 mse=0.7505 mag=0.5154 curv=1.4177 ADE=0.3219 FDE=0.5301  (39.9s) best=0.3150@21
[MODEL_XC_D_CURV_STRONG ep 32] tot=1.9588 mse=0.7433 mag=0.5097 curv=1.4114 ADE=0.3231 FDE=0.5330  (36.5s) best=0.3150@21
[MODEL_XC_D_CURV_STRONG ep 33] tot=1.9484 mse=0.7359 mag=0.5073 curv=1.4104 ADE=0.3182 FDE=0.5244  (39.1s) best=0.3150@21
[MODEL_XC_D_CURV_STRONG] early stop @ 33
[MODEL_XC_D_CURV_STRONG] DONE best_val_ADE=0.3150@21 (19.44 min)
===== EVAL D_curv_strong =====
[MODEL_XC_D_CURV_STRONG] H10 ADE=0.3236 step1_sm=0.785 nd=0.656 cos=0.693 shape=0.328
===== HORIZON D_curv_strong =====
[MODEL_XC_D_CURV_STRONG H20] ADE=0.505 nd=0.697 cos=0.661 shape=0.378
[MODEL_XC_D_CURV_STRONG H60] ADE=1.170 nd=0.653 cos=0.594 shape=0.385
[MODEL_XC_D_CURV_STRONG H100] ADE=1.811 nd=0.643 cos=0.564 shape=0.302
[MODEL_XC_D_CURV_STRONG H200] ADE=3.392 nd=0.615 cos=0.459 shape=0.211
[MODEL_XC_D_CURV_STRONG H400] ADE=6.507 nd=0.639 cos=0.387 shape=0.187
[MODEL_XC_D_CURV_STRONG] horizon sweep done
===== TRAIN E_curv_dir_light =====
[MODEL_XC_E_CURV_DIR_LIGHT] device=cuda lmag=1.0 lcurv=0.25 ldir=0.05
[MODEL_XC_E_CURV_DIR_LIGHT] train windows (822488, 10, 10)
[MODEL_XC_E_CURV_DIR_LIGHT ep  1] tot=2.0734 mse=0.9405 mag=0.6326 curv=1.8776 ADE=0.3901 FDE=0.6672 * (40.9s) best=0.3901@1
[MODEL_XC_E_CURV_DIR_LIGHT ep  2] tot=2.0161 mse=0.9271 mag=0.6148 curv=1.7766 ADE=0.3325 FDE=0.5506 * (45.1s) best=0.3325@2
[MODEL_XC_E_CURV_DIR_LIGHT ep  3] tot=1.9987 mse=0.9226 mag=0.6087 curv=1.7504 ADE=0.3372 FDE=0.5568  (46.9s) best=0.3325@2
[MODEL_XC_E_CURV_DIR_LIGHT ep  4] tot=1.9854 mse=0.9191 mag=0.6048 curv=1.7282 ADE=0.3339 FDE=0.5524  (41.4s) best=0.3325@2
[MODEL_XC_E_CURV_DIR_LIGHT ep  5] tot=1.9746 mse=0.9143 mag=0.6030 curv=1.7112 ADE=0.3331 FDE=0.5486  (43.1s) best=0.3325@2
[MODEL_XC_E_CURV_DIR_LIGHT ep  6] tot=1.9643 mse=0.9101 mag=0.5995 curv=1.7016 ADE=0.3318 FDE=0.5474 * (43.1s) best=0.3318@6
[MODEL_XC_E_CURV_DIR_LIGHT ep  7] tot=1.9547 mse=0.9074 mag=0.5966 curv=1.6862 ADE=0.3270 FDE=0.5386 * (44.8s) best=0.3270@7
[MODEL_XC_E_CURV_DIR_LIGHT ep  8] tot=1.9401 mse=0.9009 mag=0.5914 curv=1.6749 ADE=0.3307 FDE=0.5425  (48.5s) best=0.3270@7
[MODEL_XC_E_CURV_DIR_LIGHT ep  9] tot=1.9275 mse=0.8947 mag=0.5873 curv=1.6656 ADE=0.3399 FDE=0.5684  (40.4s) best=0.3270@7
[MODEL_XC_E_CURV_DIR_LIGHT ep 10] tot=1.9149 mse=0.8887 mag=0.5829 curv=1.6571 ADE=0.3301 FDE=0.5462  (43.5s) best=0.3270@7
[MODEL_XC_E_CURV_DIR_LIGHT ep 11] tot=1.9006 mse=0.8821 mag=0.5776 curv=1.6479 ADE=0.3276 FDE=0.5384  (42.5s) best=0.3270@7
[MODEL_XC_E_CURV_DIR_LIGHT ep 12] tot=1.8864 mse=0.8753 mag=0.5723 curv=1.6402 ADE=0.3275 FDE=0.5366  (45.4s) best=0.3270@7
[MODEL_XC_E_CURV_DIR_LIGHT ep 13] tot=1.8716 mse=0.8686 mag=0.5660 curv=1.6328 ADE=0.3225 FDE=0.5315 * (46.8s) best=0.3225@13
[MODEL_XC_E_CURV_DIR_LIGHT ep 14] tot=1.8525 mse=0.8587 mag=0.5604 curv=1.6185 ADE=0.3211 FDE=0.5301 * (45.4s) best=0.3211@14
[MODEL_XC_E_CURV_DIR_LIGHT ep 15] tot=1.8387 mse=0.8521 mag=0.5541 curv=1.6154 ADE=0.3197 FDE=0.5237 * (41.4s) best=0.3197@15
[MODEL_XC_E_CURV_DIR_LIGHT ep 16] tot=1.8221 mse=0.8431 mag=0.5484 curv=1.6075 ADE=0.3304 FDE=0.5473  (47.2s) best=0.3197@15
[MODEL_XC_E_CURV_DIR_LIGHT ep 17] tot=1.8033 mse=0.8323 mag=0.5427 curv=1.5989 ADE=0.3300 FDE=0.5466  (42.9s) best=0.3197@15
[MODEL_XC_E_CURV_DIR_LIGHT ep 18] tot=1.7891 mse=0.8242 mag=0.5369 curv=1.5974 ADE=0.3168 FDE=0.5216 * (42.7s) best=0.3168@18
[MODEL_XC_E_CURV_DIR_LIGHT ep 19] tot=1.7753 mse=0.8171 mag=0.5328 curv=1.5875 ADE=0.3201 FDE=0.5229  (49.1s) best=0.3168@18
[MODEL_XC_E_CURV_DIR_LIGHT ep 20] tot=1.7561 mse=0.8060 mag=0.5262 curv=1.5819 ADE=0.3314 FDE=0.5521  (41.1s) best=0.3168@18
[MODEL_XC_E_CURV_DIR_LIGHT ep 21] tot=1.7412 mse=0.7989 mag=0.5205 curv=1.5734 ADE=0.3178 FDE=0.5209  (41.8s) best=0.3168@18
[MODEL_XC_E_CURV_DIR_LIGHT ep 22] tot=1.7306 mse=0.7943 mag=0.5153 curv=1.5700 ADE=0.3260 FDE=0.5375  (44.2s) best=0.3168@18
[MODEL_XC_E_CURV_DIR_LIGHT ep 23] tot=1.7154 mse=0.7839 mag=0.5125 curv=1.5620 ADE=0.3164 FDE=0.5173 * (49.3s) best=0.3164@23
